[hitsz-cslab.gitee.io/os-labs/index.html]
[hitsz-cslab.gitee.io/os-labs/img/favicon.ico]
[backblue.gif]
[fade.gif]
[index.html]
[hitsz-cslab.gitee.io/os-labs/css/theme_extra.css]
[hitsz-cslab.gitee.io/os-labs/css/theme.css]
[cdnjs.cloudflare.com/ajax/libs/highlight.js/10.5.0/styles/github.min.css]
[cdnjs.cloudflare.com/ajax/libs/highlight.js/10.5.0/languages/yaml.min.js]
[hitsz-cslab.gitee.io/os-labs/js/jquery-3.6.0.min.js]
[cdnjs.cloudflare.com/ajax/libs/highlight.js/10.5.0/highlight.min.js]
[cdnjs.cloudflare.com/ajax/libs/highlight.js/10.5.0/languages/rust.min.js]
[hitsz-cslab.gitee.io/os-labs/env/index.html]
[hitsz-cslab.gitee.io/os-labs/js/theme_extra.js]
[hitsz-cslab.gitee.io/os-labs/js/theme.js]
[hitsz-cslab.gitee.io/os-labs/js/baidu-tongji.js]
[hitsz-cslab.gitee.io/os-labs/index.html]
[hitsz-cslab.gitee.io/os-labs/search/main.js]
[hitsz-cslab.gitee.io/os-labs/css/fonts/fontawesome-webfont2967.eot]
[hitsz-cslab.gitee.io/os-labs/tools/index.html]
[hitsz-cslab.gitee.io/os-labs/remote_env/index.html]
[hitsz-cslab.gitee.io/os-labs/Linux/index.html]
[hitsz-cslab.gitee.io/os-labs/css/fonts/fontawesome-webfontfb78.eot]
[hitsz-cslab.gitee.io/os-labs/remote_env_gdb/index.html]
[hitsz-cslab.gitee.io/os-labs/oscomp/oscomp/index.html]
[hitsz-cslab.gitee.io/os-labs/css/fonts/fontawesome-webfontce29.woff]
[hitsz-cslab.gitee.io/os-labs/faq/faq-env/index.html]
[hitsz-cslab.gitee.io/os-labs/css/fonts/fontawesome-webfontbb99.woff2]
[hitsz-cslab.gitee.io/os-labs/faq/lab1/index.html]
[hitsz-cslab.gitee.io/os-labs/faq/lab3/index.html]
[hitsz-cslab.gitee.io/os-labs/css/fonts/lato-normal86b9.woff]
[hitsz-cslab.gitee.io/os-labs/lab1/part1/index.html]
[hitsz-cslab.gitee.io/os-labs/lab1/part2/index.html]
[hitsz-cslab.gitee.io/os-labs/css/fonts/fontawesome-webfont1bb7.ttf]
[hitsz-cslab.gitee.io/os-labs/lab1/part3/index.html]
[hitsz-cslab.gitee.io/os-labs/css/fonts/lato-bolda132.woff]
[hitsz-cslab.gitee.io/os-labs/css/fonts/lato-normal96f5.woff2]
[hitsz-cslab.gitee.io/os-labs/lab1/part4/index.html]
[hitsz-cslab.gitee.io/os-labs/lab2/part1/index.html]
[hitsz-cslab.gitee.io/os-labs/lab2/part2/index.html]
[hitsz-cslab.gitee.io/os-labs/css/fonts/lato-bold-italic08c2.woff]
[hitsz-cslab.gitee.io/os-labs/css/fonts/lato-bold9f03.woff2]
[hitsz-cslab.gitee.io/os-labs/lab2/part3/index.html]
[hitsz-cslab.gitee.io/os-labs/lab2/part4/index.html]
[hitsz-cslab.gitee.io/os-labs/css/fonts/lato-normal-italic9875.woff]
[hitsz-cslab.gitee.io/os-labs/lab2/part5/index.html]
[hitsz-cslab.gitee.io/os-labs/css/fonts/lato-bold-italic01fb.woff2]
[hitsz-cslab.gitee.io/os-labs/lab3/part1/index.html]
[hitsz-cslab.gitee.io/os-labs/css/fonts/Roboto-Slab-Regular4c99.woff]
[hitsz-cslab.gitee.io/os-labs/css/fonts/lato-normal-italicd12e.woff2]
[hitsz-cslab.gitee.io/os-labs/lab3/part2/index.html]
[hitsz-cslab.gitee.io/os-labs/lab3/part3/index.html]
[hitsz-cslab.gitee.io/os-labs/css/fonts/Roboto-Slab-Boldff6a.woff]
[hitsz-cslab.gitee.io/os-labs/css/fonts/Roboto-Slab-Regular2a4d.woff2]
[hitsz-cslab.gitee.io/os-labs/css/theme.css]
[hitsz-cslab.gitee.io/os-labs/lab3/part4/index.html]
[hitsz-cslab.gitee.io/os-labs/css/theme_extra.css]
[hitsz-cslab.gitee.io/os-labs/lab3/part5/index.html]
[hitsz-cslab.gitee.io/os-labs/lab4/part1/index.html]
[cdnjs.cloudflare.com/ajax/libs/highlight.js/10.5.0/styles/github.min.css]
[hitsz-cslab.gitee.io/os-labs/lab4/part2/index.html]
[hitsz-cslab.gitee.io/os-labs/lab4/part3/index.html]
[hitsz-cslab.gitee.io/os-labs/lab4/part4/index.html]
[hitsz-cslab.gitee.io/os-labs/lab5/part1/index.html]
[hitsz-cslab.gitee.io/os-labs/openeuler.assets/image-20210901175444768.png]
[hitsz-cslab.gitee.io/os-labs/lab5/part2/index.html]
[hitsz-cslab.gitee.io/os-labs/openeuler.assets/image-20210901175532025.png]
[hitsz-cslab.gitee.io/os-labs/lab5/part3-1/index.html]
[hitsz-cslab.gitee.io/os-labs/openeuler.assets/clip_image002.jpg]
[hitsz-cslab.gitee.io/os-labs/lab5/part3-2/index.html]
[hitsz-cslab.gitee.io/os-labs/openeuler.assets/clip_image003.png]
[hitsz-cslab.gitee.io/os-labs/css/fonts/Roboto-Slab-Bold1abf.woff2]
[hitsz-cslab.gitee.io/os-labs/lab5/part3-3/index.html]
[hitsz-cslab.gitee.io/os-labs/openeuler.assets/clip_image004.png]
[hitsz-cslab.gitee.io/os-labs/openeuler.assets/clip_image005.png]
[hitsz-cslab.gitee.io/os-labs/lab5/part3-4/index.html]
[hitsz-cslab.gitee.io/os-labs/lab5/part4/index.html]
[hitsz-cslab.gitee.io/os-labs/openeuler.assets/clip_image006.png]
[hitsz-cslab.gitee.io/os-labs/lab5/part5/index.html]
[hitsz-cslab.gitee.io/os-labs/openeuler.assets/clip_image008.jpg]
[hitsz-cslab.gitee.io/os-labs/openeuler.assets/clip_image010.jpg]
[hitsz-cslab.gitee.io/os-labs/openeuler.assets/clip_image012.jpg]
[hitsz-cslab.gitee.io/os-labs/openeuler.assets/clip_image014.jpg]
[hitsz-cslab.gitee.io/os-labs/openeuler.assets/clip_image016.jpg]
[hitsz-cslab.gitee.io/os-labs/openeuler.assets/clip_image019.jpg]
[hitsz-cslab.gitee.io/os-labs/openeuler.assets/clip_image021.jpg]
[hitsz-cslab.gitee.io/os-labs/openeuler.assets/clip_image023.png]
[hitsz-cslab.gitee.io/os-labs/openeuler.assets/clip_image025.png]
[hitsz-cslab.gitee.io/os-labs/openeuler.assets/clip_image027.jpg]
[hitsz-cslab.gitee.io/os-labs/openeuler.assets/clip_image029.jpg]
[hitsz-cslab.gitee.io/os-labs/openeuler.assets/clip_image031.png]
[hitsz-cslab.gitee.io/os-labs/openeuler.assets/clip_image033.png]
[hitsz-cslab.gitee.io/os-labs/openeuler.assets/clip_image035.png]
[hitsz-cslab.gitee.io/os-labs/openeuler.assets/clip_image037.png]
[hitsz-cslab.gitee.io/os-labs/openeuler.assets/clip_image039.jpg]
[hitsz-cslab.gitee.io/os-labs/openeuler.assets/clip_image041.jpg]
[hitsz-cslab.gitee.io/os-labs/openeuler.assets/clip_image043.png]
[hitsz-cslab.gitee.io/os-labs/openeuler.assets/clip_image045.jpg]
[hitsz-cslab.gitee.io/os-labs/env/index.html]
[hitsz-cslab.gitee.io/os-labs/tools.assets/0-12.png]
[hitsz-cslab.gitee.io/os-labs/tools.assets/image-20201017220316972.png]
[hitsz-cslab.gitee.io/os-labs/tools.assets/mobaxterm-4.png]
[hitsz-cslab.gitee.io/os-labs/tools.assets/mobaxterm-6.png]
[hitsz-cslab.gitee.io/os-labs/remote_env.assets/image-20201016162754878.png]
[hitsz-cslab.gitee.io/os-labs/remote_env.assets/image-20201016162859685.png]
[hitsz-cslab.gitee.io/os-labs/remote_env.assets/image-20201016163031421.png]
[hitsz-cslab.gitee.io/os-labs/tools.assets/new_repo.png]
[hitsz-cslab.gitee.io/os-labs/tools.assets/new_repo2.png]
[hitsz-cslab.gitee.io/os-labs/tools.assets/new_repo3.png]
[hitsz-cslab.gitee.io/os-labs/tools.assets/git-command.jpg]
[hitsz-cslab.gitee.io/os-labs/tools.assets/vs_git.png]
[hitsz-cslab.gitee.io/os-labs/tools.assets/stage.png]
[hitsz-cslab.gitee.io/os-labs/tools.assets/stage2.png]
[hitsz-cslab.gitee.io/os-labs/tools.assets/commit.png]
[hitsz-cslab.gitee.io/os-labs/tools.assets/push.png]
[hitsz-cslab.gitee.io/os-labs/tools.assets/merge_cf.png]
[hitsz-cslab.gitee.io/os-labs/tools.assets/gitee_config.png]
[hitsz-cslab.gitee.io/os-labs/tools.assets/gitee_addssh.png]
[hitsz-cslab.gitee.io/os-labs/tools.assets/github_setting.png]
[hitsz-cslab.gitee.io/os-labs/tools.assets/github_addssh.png]
[hitsz-cslab.gitee.io/os-labs/tools.assets/github_addssh2.png]
[hitsz-cslab.gitee.io/os-labs/tools/index.html]
[hitsz-cslab.gitee.io/os-labs/Linux.assets/image-20210902150719185.png]
[hitsz-cslab.gitee.io/os-labs/Linux.assets/image-20210906094037645.png]
[hitsz-cslab.gitee.io/os-labs/Linux.assets/image-20210906102459543.png]
[hitsz-cslab.gitee.io/os-labs/Linux.assets/image-20210906100511534.png]
[hitsz-cslab.gitee.io/os-labs/Linux.assets/image-20201013231048250-1602986429233.png]
[hitsz-cslab.gitee.io/os-labs/Linux.assets/image-20201014230336988.png]
[hitsz-cslab.gitee.io/os-labs/Linux.assets/image-20201014230644371.png]
[hitsz-cslab.gitee.io/os-labs/Linux/index.html]
[hitsz-cslab.gitee.io/os-labs/remote_env.assets/image-20210910105707775.png]
[hitsz-cslab.gitee.io/os-labs/remote_env.assets/vscode_extension.png]
[hitsz-cslab.gitee.io/os-labs/remote_env.assets/icon.png]
[hitsz-cslab.gitee.io/os-labs/remote_env.assets/ssh_add_host.png]
[hitsz-cslab.gitee.io/os-labs/remote_env.assets/ssh_add_host2.png]
[hitsz-cslab.gitee.io/os-labs/remote_env.assets/ssh_add_host3.png]
[hitsz-cslab.gitee.io/os-labs/remote_env.assets/connect1-16618272820231.png]
[hitsz-cslab.gitee.io/os-labs/remote_env.assets/connect2.png]
[hitsz-cslab.gitee.io/os-labs/remote_env.assets/connect3.png]
[hitsz-cslab.gitee.io/os-labs/remote_env.assets/connect4.png]
[hitsz-cslab.gitee.io/os-labs/remote_env.assets/success.png]
[hitsz-cslab.gitee.io/os-labs/remote_env.assets/clone0.png]
[hitsz-cslab.gitee.io/os-labs/remote_env.assets/passwd.png]
[hitsz-cslab.gitee.io/os-labs/remote_env.assets/open_folder.png]
[hitsz-cslab.gitee.io/os-labs/remote_env.assets/open_folder2.png]
[hitsz-cslab.gitee.io/os-labs/remote_env.assets/open_folder3.png]
[hitsz-cslab.gitee.io/os-labs/remote_env.assets/ssh_keygen.png]
[hitsz-cslab.gitee.io/os-labs/remote_env.assets/char.png]
[hitsz-cslab.gitee.io/os-labs/remote_env/index.html]
[hitsz-cslab.gitee.io/os-labs/remote_env_gdb.assets/image-20210927103527736.png]
[hitsz-cslab.gitee.io/os-labs/remote_env_gdb.assets/native_debug.png]
[hitsz-cslab.gitee.io/os-labs/remote_env_gdb.assets/debug_tab.png]
[hitsz-cslab.gitee.io/os-labs/remote_env_gdb.assets/gen_profile.png]
[hitsz-cslab.gitee.io/os-labs/remote_env_gdb.assets/bp.png]
[hitsz-cslab.gitee.io/os-labs/remote_env_gdb.assets/run_gdb.png]
[hitsz-cslab.gitee.io/os-labs/remote_env_gdb.assets/bp_stop.png]
[hitsz-cslab.gitee.io/os-labs/remote_env_gdb.assets/buttons.png]
[hitsz-cslab.gitee.io/os-labs/remote_env_gdb.assets/cores.png]
[hitsz-cslab.gitee.io/os-labs/remote_env_gdb.assets/step_init.png]
[hitsz-cslab.gitee.io/os-labs/remote_env_gdb.assets/step_fin.png]
[hitsz-cslab.gitee.io/os-labs/remote_env_gdb.assets/bp_fin.png]
[hitsz-cslab.gitee.io/os-labs/remote_env_gdb.assets/step_into_1.png]
[hitsz-cslab.gitee.io/os-labs/remote_env_gdb.assets/step_into_2.png]
[hitsz-cslab.gitee.io/os-labs/remote_env_gdb.assets/step_into_3.png]
[hitsz-cslab.gitee.io/os-labs/remote_env_gdb.assets/debug_cons.png]
[hitsz-cslab.gitee.io/os-labs/remote_env_gdb.assets/si_1.png]
[hitsz-cslab.gitee.io/os-labs/remote_env_gdb.assets/si_2.png]
[hitsz-cslab.gitee.io/os-labs/remote_env_gdb.assets/si_3.png]
[hitsz-cslab.gitee.io/os-labs/remote_env_gdb.assets/reg.png]
[hitsz-cslab.gitee.io/os-labs/remote_env_gdb.assets/mem.png]
[hitsz-cslab.gitee.io/os-labs/remote_env_gdb.assets/image-20220924102228129.png]
[hitsz-cslab.gitee.io/os-labs/remote_env_gdb.assets/image-20220924102353055.png]
[hitsz-cslab.gitee.io/os-labs/remote_env_gdb.assets/image-20220924102844921.png]
[hitsz-cslab.gitee.io/os-labs/remote_env_gdb.assets/image-20220924102934345.png]
[hitsz-cslab.gitee.io/os-labs/remote_env_gdb.assets/ls_bmain.png]
[hitsz-cslab.gitee.io/os-labs/remote_env_gdb.assets/image-20220923143519150.png]
[hitsz-cslab.gitee.io/os-labs/remote_env_gdb.assets/del_bp.png]
[hitsz-cslab.gitee.io/os-labs/remote_env_gdb.assets/file_ls.png]
[hitsz-cslab.gitee.io/os-labs/remote_env_gdb.assets/image-20220924104328493.png]
[hitsz-cslab.gitee.io/os-labs/remote_env_gdb.assets/image-20210928095130751.png]
[hitsz-cslab.gitee.io/os-labs/remote_env_gdb.assets/image-20210928095306503.png]
[hitsz-cslab.gitee.io/os-labs/remote_env_gdb.assets/ls_debug.png]
[hitsz-cslab.gitee.io/os-labs/remote_env_gdb/index.html]
[hitsz-cslab.gitee.io/os-labs/oscomp/oscomp.assets/2022timeline.jpg]
[hitsz-cslab.gitee.io/os-labs/oscomp/oscomp.assets/xv6bgrc.jpg]
[hitsz-cslab.gitee.io/os-labs/oscomp/oscomp.assets/code.png]
[hitsz-cslab.gitee.io/os-labs/oscomp/oscomp.assets/panic2.png]
[hitsz-cslab.gitee.io/os-labs/oscomp/oscomp.assets/30E64877881B93916ECF7357393_059C77BA_1CBB0.jpg]
[hitsz-cslab.gitee.io/os-labs/oscomp/oscomp.assets/D052DE40F53E4A5E2BB62E9208D_56BCF9D8_177A7.jpg]
[hitsz-cslab.gitee.io/os-labs/oscomp/oscomp.assets/FTL.png]
[hitsz-cslab.gitee.io/os-labs/oscomp/oscomp.assets/OopS.png]
[hitsz-cslab.gitee.io/os-labs/oscomp/oscomp.assets/LMY.png]
[hitsz-cslab.gitee.io/os-labs/oscomp/oscomp.assets/image-20221109163745962.png]
[hitsz-cslab.gitee.io/os-labs/oscomp/oscomp/index.html]
[hitsz-cslab.gitee.io/os-labs/faq/faq.assets/qemu.png]
[hitsz-cslab.gitee.io/os-labs/code/pmp.patch]
[hitsz-cslab.gitee.io/os-labs/faq/faq.assets/gcc.png]
[hitsz-cslab.gitee.io/os-labs/faq/faq-env.assets/image-20220916095456586.png]
[hitsz-cslab.gitee.io/os-labs/faq/faq-env.assets/image-20220916154734658.png]
[hitsz-cslab.gitee.io/os-labs/faq/faq-env.assets/image-20220916154922685.png]
[hitsz-cslab.gitee.io/os-labs/faq/faq-env.assets/image-20220916155011110.png]
[hitsz-cslab.gitee.io/os-labs/faq/faq.assets/gdb1.jpg]
[hitsz-cslab.gitee.io/os-labs/faq/faq.assets/gdb2.jpg]
[hitsz-cslab.gitee.io/os-labs/faq/faq.assets/qemu3.png]
[hitsz-cslab.gitee.io/os-labs/faq/faq-env.assets/image-20220915205054529.png]
[hitsz-cslab.gitee.io/os-labs/faq/faq-env.assets/image-20220915205018098.png]
[hitsz-cslab.gitee.io/os-labs/faq/faq-env.assets/image-20220915210332246.png]
[hitsz-cslab.gitee.io/os-labs/faq/faq.assets/qemu2.png]
[hitsz-cslab.gitee.io/os-labs/faq/faq-env.assets/image-20220916094737504.png]
[hitsz-cslab.gitee.io/os-labs/faq/faq-env/index.html]
[hitsz-cslab.gitee.io/os-labs/faq/lab1.assets/pingpong1.png]
[hitsz-cslab.gitee.io/os-labs/faq/lab1.assets/image-20220926180507976.png]
[hitsz-cslab.gitee.io/os-labs/faq/lab1.assets/pingpong2.png]
[hitsz-cslab.gitee.io/os-labs/faq/lab1.assets/image-20220926180632009.png]
[hitsz-cslab.gitee.io/os-labs/faq/lab1.assets/primes.png]
[hitsz-cslab.gitee.io/os-labs/faq/lab1.assets/image-20220926180747910.png]
[hitsz-cslab.gitee.io/os-labs/faq/lab1.assets/primes2.png]
[hitsz-cslab.gitee.io/os-labs/faq/lab1.assets/image-20220926180931786.png]
[hitsz-cslab.gitee.io/os-labs/faq/lab1/index.html]
[hitsz-cslab.gitee.io/os-labs/faq/lab3/index.html]
[hitsz-cslab.gitee.io/os-labs/lab1/part1.assets/image-20201017230825652.png]
[hitsz-cslab.gitee.io/os-labs/lab1/part1.assets/image-20210913094528437.png]
[hitsz-cslab.gitee.io/os-labs/lab1/part1.assets/image-20201017230846238.png]
[hitsz-cslab.gitee.io/os-labs/lab1/part1.assets/image-20210913094617315.png]
[hitsz-cslab.gitee.io/os-labs/lab1/part1.assets/image-20201017230855254.png]
[hitsz-cslab.gitee.io/os-labs/lab1/part1.assets/image-20210913094654462.png]
[hitsz-cslab.gitee.io/os-labs/lab1/part1.assets/image-20210914091100817.png]
[hitsz-cslab.gitee.io/os-labs/lab1/part1.assets/image-20210913094755912.png]
[hitsz-cslab.gitee.io/os-labs/lab1/part1.assets/image-20201017230906954.png]
[hitsz-cslab.gitee.io/os-labs/lab1/part1.assets/image-20210913094918606.png]
[hitsz-cslab.gitee.io/os-labs/lab1/part1.assets/image-20210913095200221.png]
[hitsz-cslab.gitee.io/os-labs/lab1/part1/index.html]
[hitsz-cslab.gitee.io/os-labs/lab1/part2.assets/image-20201017231152704.png]
[hitsz-cslab.gitee.io/os-labs/lab1/part2.assets/image-20210913143744152.png]
[hitsz-cslab.gitee.io/os-labs/lab1/part2.assets/vx6组织结构.png]
[hitsz-cslab.gitee.io/os-labs/lab1/part2.assets/image-20201017231043674.png]
[hitsz-cslab.gitee.io/os-labs/lab1/part2/index.html]
[hitsz-cslab.gitee.io/os-labs/lab1/part3.assets/image-20210913105916234.png]
[hitsz-cslab.gitee.io/os-labs/lab1/part3.assets/image-20201017231446472.png]
[hitsz-cslab.gitee.io/os-labs/lab1/part3.assets/image-20210913110108193.png]
[hitsz-cslab.gitee.io/os-labs/lab1/part3.assets/image-20210913110416368.png]
[hitsz-cslab.gitee.io/os-labs/lab1/part3.assets/image-20220926104856325.png]
[hitsz-cslab.gitee.io/os-labs/lab1/part3.assets/image-20201018125249828.png]
[hitsz-cslab.gitee.io/os-labs/lab1/part3.assets/image-20201027155243519.png]
[hitsz-cslab.gitee.io/os-labs/lab1/part3.assets/image-20201027155303167.png]
[hitsz-cslab.gitee.io/os-labs/lab1/part3.assets/image-20201027155755713.png]
[hitsz-cslab.gitee.io/os-labs/lab1/part3/index.html]
[hitsz-cslab.gitee.io/os-labs/lab1/part4.assets/1602764073679.png]
[hitsz-cslab.gitee.io/os-labs/lab1/part4.assets/1602764229740.png]
[hitsz-cslab.gitee.io/os-labs/lab1/part4.assets/1602764244582.png]
[hitsz-cslab.gitee.io/os-labs/lab1/part4.assets/1602764299450.png]
[hitsz-cslab.gitee.io/os-labs/lab1/part4.assets/1602764337153.png]
[hitsz-cslab.gitee.io/os-labs/lab1/part4/index.html]
[hitsz-cslab.gitee.io/os-labs/lab2/part1.assets/image-20211005130943125.png]
[hitsz-cslab.gitee.io/os-labs/lab2/part1.assets/image-20211005131516101.png]
[hitsz-cslab.gitee.io/os-labs/lab2/part1/index.html]
[hitsz-cslab.gitee.io/os-labs/lab2/part2.assets/image-20220920161553412.png]
[hitsz-cslab.gitee.io/os-labs/lab2/part2.assets/syscall.png]
[hitsz-cslab.gitee.io/os-labs/lab2/part2.assets/image-20220920181414750.png]
[hitsz-cslab.gitee.io/os-labs/lab2/part2.assets/image-20220920181501174.png]
[hitsz-cslab.gitee.io/os-labs/lab2/part2.assets/image-20220920181634893.png]
[hitsz-cslab.gitee.io/os-labs/lab2/part2/index.html]
[hitsz-cslab.gitee.io/os-labs/lab2/part3/index.html]
[hitsz-cslab.gitee.io/os-labs/lab2/part4/index.html]
[hitsz-cslab.gitee.io/os-labs/lab2/part5.assets/image-20220922094635420.png]
[hitsz-cslab.gitee.io/os-labs/lab2/remote_env_gdb/index.html]
[hitsz-cslab.gitee.io/os-labs/lab2/part5.assets/image-20220922094744944.png]
[hitsz-cslab.gitee.io/os-labs/lab2/part5.assets/image-20220922095149572.png]
[hitsz-cslab.gitee.io/os-labs/lab2/part5.assets/image-20220922095717980.png]
[hitsz-cslab.gitee.io/os-labs/lab2/part5.assets/image-20220922100008332.png]
[hitsz-cslab.gitee.io/os-labs/lab2/part5.assets/image-20220922100826291.png]
[hitsz-cslab.gitee.io/os-labs/lab2/part5.assets/image-20220922104511551.png]
[hitsz-cslab.gitee.io/os-labs/lab2/part5.assets/image-20220922103905096.png]
[hitsz-cslab.gitee.io/os-labs/lab2/part5.assets/image-20220922124624540.png]
[hitsz-cslab.gitee.io/os-labs/lab2/part5.assets/image-20220922163531277.png]
[hitsz-cslab.gitee.io/os-labs/lab2/part5.assets/image-20220922163711214.png]
[hitsz-cslab.gitee.io/os-labs/lab2/part5.assets/image-20220922164434984.png]
[hitsz-cslab.gitee.io/os-labs/lab2/part5.assets/image-20220922165128856.png]
[hitsz-cslab.gitee.io/os-labs/lab2/part5.assets/image-20220922165205475.png]
[hitsz-cslab.gitee.io/os-labs/lab2/part5.assets/image-20220922165315546.png]
[hitsz-cslab.gitee.io/os-labs/lab2/part5.assets/image-20220922165428369.png]
[hitsz-cslab.gitee.io/os-labs/lab2/part5.assets/image-20220922171000913.png]
[hitsz-cslab.gitee.io/os-labs/lab2/part5/index.html]
[hitsz-cslab.gitee.io/os-labs/lab3/part1.assets/kalloc_proc.jpg]
[hitsz-cslab.gitee.io/os-labs/lab3/part1.assets/image-20211019205157241.png]
[hitsz-cslab.gitee.io/os-labs/lab3/part1.assets/image-20211019205449169.png]
[hitsz-cslab.gitee.io/os-labs/lab3/part1.assets/grade-16349752282893.png]
[hitsz-cslab.gitee.io/os-labs/lab3/part1/index.html]
[hitsz-cslab.gitee.io/os-labs/lab3/part2.assets/image-20221012175648080.png]
[hitsz-cslab.gitee.io/os-labs/lab3/part2.assets/kalloc执行流.png]
[hitsz-cslab.gitee.io/os-labs/lab3/part2.assets/image-20201121160342435.png]
[hitsz-cslab.gitee.io/os-labs/lab3/part2.assets/image-20201121160419011.png]
[hitsz-cslab.gitee.io/os-labs/lab3/part2.assets/freelist.png]
[hitsz-cslab.gitee.io/os-labs/lab3/part2.assets/kalloc.png]
[hitsz-cslab.gitee.io/os-labs/lab3/part2.assets/bcache3.png]
[hitsz-cslab.gitee.io/os-labs/lab3/part2.assets/buffercache.png]
[hitsz-cslab.gitee.io/os-labs/lab3/part2.assets/bcache2.png]
[hitsz-cslab.gitee.io/os-labs/lab3/part2.assets/hash.png]
[hitsz-cslab.gitee.io/os-labs/lab3/part2.assets/timestamp.png]
[hitsz-cslab.gitee.io/os-labs/lab3/part2/index.html]
[hitsz-cslab.gitee.io/os-labs/lab3/part3/index.html]
[hitsz-cslab.gitee.io/os-labs/lab3/part4/index.html]
[hitsz-cslab.gitee.io/os-labs/lab3/part5/index.html]
[hitsz-cslab.gitee.io/os-labs/lab4/part1.assets/image-20221024121955342.png]
[hitsz-cslab.gitee.io/os-labs/lab4/part1.assets/image-20211023161926242-16353841836811.png]
[hitsz-cslab.gitee.io/os-labs/lab4/part1.assets/image-20211023162335116-16353873302232.png]
[hitsz-cslab.gitee.io/os-labs/lab4/part1.assets/image-20211023160155602-16353874445883.png]
[hitsz-cslab.gitee.io/os-labs/lab4/part1/index.html]
[hitsz-cslab.gitee.io/os-labs/lab4/part2.assets/1313421-20180729102826537-1711528749.png]
[hitsz-cslab.gitee.io/os-labs/lab4/part2.assets/image-20211009204518009.png]
[hitsz-cslab.gitee.io/os-labs/lab4/part2.assets/image-20211009210828719.png]
[hitsz-cslab.gitee.io/os-labs/lab4/part2.assets/image-20211009211825370.png]
[hitsz-cslab.gitee.io/os-labs/lab4/part2.assets/image-20211010100329520.png]
[hitsz-cslab.gitee.io/os-labs/lab4/part2.assets/image-20221024160039840.png]
[hitsz-cslab.gitee.io/os-labs/lab4/part2.assets/image-20221024170624973.png]
[hitsz-cslab.gitee.io/os-labs/lab4/part2.assets/image-20211023210540509-16353884146574.png]
[hitsz-cslab.gitee.io/os-labs/lab4/part2.assets/页表合并.png]
[hitsz-cslab.gitee.io/os-labs/lab4/part2/index.html]
[hitsz-cslab.gitee.io/os-labs/lab4/part3.assets/image-20211009204518009.png]
[hitsz-cslab.gitee.io/os-labs/lab4/part3.assets/image-20221025161426577.png]
[hitsz-cslab.gitee.io/os-labs/lab4/part3.assets/页表释放示意.png]
[hitsz-cslab.gitee.io/os-labs/lab4/part3.assets/用户共享页表.png]
[hitsz-cslab.gitee.io/os-labs/lab4/part3/index.html]
[hitsz-cslab.gitee.io/os-labs/lab4/part4/index.html]
[hitsz-cslab.gitee.io/os-labs/lab5/part1/index.html]
[hitsz-cslab.gitee.io/os-labs/lab5/part2.assets/kingston.jpg]
[hitsz-cslab.gitee.io/os-labs/lab5/part2.assets/image-20211023213227117.png]
[hitsz-cslab.gitee.io/os-labs/lab5/part2.assets/image-20211023215038949.png]
[hitsz-cslab.gitee.io/os-labs/lab5/part2.assets/image-20211023220037443.png]
[hitsz-cslab.gitee.io/os-labs/lab5/part2.assets/image-20211023220318053.png]
[hitsz-cslab.gitee.io/os-labs/lab5/part2.assets/image-20211023221226330.png]
[hitsz-cslab.gitee.io/os-labs/lab5/part2.assets/image-20211023224724044.png]
[hitsz-cslab.gitee.io/os-labs/lab5/part2.assets/image-20211023231540262.png]
[hitsz-cslab.gitee.io/os-labs/lab5/part2.assets/image-20211024102812913.png]
[hitsz-cslab.gitee.io/os-labs/lab5/part2.assets/image-20211024105315962.png]
[hitsz-cslab.gitee.io/os-labs/lab5/part2.assets/image-20211024114457361.png]
[hitsz-cslab.gitee.io/os-labs/lab5/part3-1/index-2.html]
[hitsz-cslab.gitee.io/os-labs/lab5/part3-2/index-2.html]
[hitsz-cslab.gitee.io/os-labs/lab5/part2/index.html]
[hitsz-cslab.gitee.io/os-labs/lab5/part3.assets/image-20211024145359896.png]
[hitsz-cslab.gitee.io/os-labs/lab5/part3-3/index-2.html]
[hitsz-cslab.gitee.io/os-labs/lab5/part3-1.assets/image-20221108102247328.png]
[hitsz-cslab.gitee.io/os-labs/lab5/part3-1.assets/image-20221108102514630.png]
[hitsz-cslab.gitee.io/os-labs/lab5/part3-1.assets/image-20221118212435901.png]
[hitsz-cslab.gitee.io/os-labs/lab5/part3-1.assets/image-20221108103122575.png]
[hitsz-cslab.gitee.io/os-labs/lab5/part3-1.assets/image-20221108111316672.png]
[hitsz-cslab.gitee.io/os-labs/lab5/part3.assets/image-20211024145654250.png]
[hitsz-cslab.gitee.io/os-labs/lab5/part3.assets/image-20211024145843557.png]
[hitsz-cslab.gitee.io/os-labs/lab5/part3.assets/image-20211024151032944.png]
[hitsz-cslab.gitee.io/os-labs/lab5/part3.assets/image-20211024151616888.png]
[hitsz-cslab.gitee.io/os-labs/lab5/part3.assets/image-20211024151733598.png]
[hitsz-cslab.gitee.io/os-labs/lab5/part3-1/index.html]
[hitsz-cslab.gitee.io/os-labs/lab5/part3.assets/image-20211024153154797.png]
[hitsz-cslab.gitee.io/os-labs/lab5/part3-2/index.html]
[hitsz-cslab.gitee.io/os-labs/lab5/part3-3.assets/image-20221109161936405.png]
[hitsz-cslab.gitee.io/os-labs/lab5/part3.assets/image-20211024155739859.png]
[hitsz-cslab.gitee.io/os-labs/lab5/part3-3/index.html]
[hitsz-cslab.gitee.io/os-labs/lab5/part3-4.assets/image-20220727173918180.png]
[hitsz-cslab.gitee.io/os-labs/lab5/part3-4.assets/image-20220727164918401.png]
[hitsz-cslab.gitee.io/os-labs/lab5/part3-4.assets/image-20220727174134879.png]
[hitsz-cslab.gitee.io/os-labs/lab5/part3-4/index.html]
[hitsz-cslab.gitee.io/os-labs/lab5/part4/index.html]
[hitsz-cslab.gitee.io/os-labs/lab5/part3.assets/image-20211024170839872.png]
[hitsz-cslab.gitee.io/os-labs/lab5/part3.assets/image-20211024170743344.png]
[hitsz-cslab.gitee.io/os-labs/lab5/part3.assets/image-20211024171103128.png]
[hitsz-cslab.gitee.io/os-labs/lab5/part3.assets/image-20211024171348041.png]
[hitsz-cslab.gitee.io/os-labs/lab5/part5.assets/image-20221115113807498.png]
[hitsz-cslab.gitee.io/os-labs/lab5/part5/index.html]
[hitsz-cslab.gitee.io/os-labs/css/fonts/fontawesome-webfont2f98.svg]
[hitsz-cslab.gitee.io/os-labs/lab2/remote_env_gdb/index.html]
[hitsz-cslab.gitee.io/os-labs/lab5/part3-1/index-2.html]
[hitsz-cslab.gitee.io/os-labs/lab5/part3-3/index-2.html]
[hitsz-cslab.gitee.io/os-labs/lab5/part3-2/index-2.html]
